make lint
make[1]: Entering directory '/home/kevin/Source/launchbynttdata/tf-azurerm-module_primitive-api_management_certificate'
make go/lint
make[2]: Entering directory '/home/kevin/Source/launchbynttdata/tf-azurerm-module_primitive-api_management_certificate'
find tests/ -name '*.go' | grep -q '\.go' || exit 0; golangci-lint run -c .golangci.yaml --timeout 5m -v ./tests/...;
make[2]: Leaving directory '/home/kevin/Source/launchbynttdata/tf-azurerm-module_primitive-api_management_certificate'
make tfmodule/create_example_providers
make[2]: Entering directory '/home/kevin/Source/launchbynttdata/tf-azurerm-module_primitive-api_management_certificate'

Initializing . ...
[0m[1mInitializing provider plugins...[0m
- Reusing previous version of hashicorp/azurerm from the dependency lock file
- Using previously-installed hashicorp/azurerm v3.117.1

[0m[1m[32mTerraform has been successfully initialized![0m[32m[0m
[0m[32m
You may now begin working with Terraform. Try running "terraform plan" to see
any changes that are required for your infrastructure. All Terraform commands
should now work.

If you ever set or change modules or backend configuration for Terraform,
rerun this command to reinitialize your working directory. If you forget, other
commands will detect it and remind you to do so if necessary.[0m

Initializing ./examples/complete ...
[0m[1mInitializing modules...[0m
[0m[1mInitializing provider plugins...[0m
- Reusing previous version of hashicorp/external from the dependency lock file
- Reusing previous version of hashicorp/azurerm from the dependency lock file
- Reusing previous version of hashicorp/random from the dependency lock file
- Using previously-installed hashicorp/external v2.3.4
- Using previously-installed hashicorp/azurerm v3.117.1
- Using previously-installed hashicorp/random v3.7.1

[0m[1m[32mTerraform has been successfully initialized![0m[32m[0m
[0m[32m
You may now begin working with Terraform. Try running "terraform plan" to see
any changes that are required for your infrastructure. All Terraform commands
should now work.

If you ever set or change modules or backend configuration for Terraform,
rerun this command to reinitialize your working directory. If you forget, other
commands will detect it and remind you to do so if necessary.[0m
make[2]: Leaving directory '/home/kevin/Source/launchbynttdata/tf-azurerm-module_primitive-api_management_certificate'
make tfmodule/lint
make[2]: Entering directory '/home/kevin/Source/launchbynttdata/tf-azurerm-module_primitive-api_management_certificate'

Initializing . ...
[0m[1mInitializing provider plugins...[0m
- Reusing previous version of hashicorp/azurerm from the dependency lock file
- Using previously-installed hashicorp/azurerm v3.117.1

[0m[1m[32mTerraform has been successfully initialized![0m[32m[0m
[0m[32m
You may now begin working with Terraform. Try running "terraform plan" to see
any changes that are required for your infrastructure. All Terraform commands
should now work.

If you ever set or change modules or backend configuration for Terraform,
rerun this command to reinitialize your working directory. If you forget, other
commands will detect it and remind you to do so if necessary.[0m

Initializing ./examples/complete ...
[0m[1mInitializing modules...[0m
[0m[1mInitializing provider plugins...[0m
- Reusing previous version of hashicorp/random from the dependency lock file
- Reusing previous version of hashicorp/external from the dependency lock file
- Reusing previous version of hashicorp/azurerm from the dependency lock file
- Using previously-installed hashicorp/random v3.7.1
- Using previously-installed hashicorp/external v2.3.4
- Using previously-installed hashicorp/azurerm v3.117.1

[0m[1m[32mTerraform has been successfully initialized![0m[32m[0m
[0m[32m
You may now begin working with Terraform. Try running "terraform plan" to see
any changes that are required for your infrastructure. All Terraform commands
should now work.

If you ever set or change modules or backend configuration for Terraform,
rerun this command to reinitialize your working directory. If you forget, other
commands will detect it and remind you to do so if necessary.[0m

Formatting Terraform files ...

Linting . ...

Validating . ...
[32m[1mSuccess![0m The configuration is valid.
[0m

Linting ./examples/complete ...

Validating ./examples/complete ...
[32m[1mSuccess![0m The configuration is valid.
[0m
make[2]: Leaving directory '/home/kevin/Source/launchbynttdata/tf-azurerm-module_primitive-api_management_certificate'
make[1]: Leaving directory '/home/kevin/Source/launchbynttdata/tf-azurerm-module_primitive-api_management_certificate'
make test
make[1]: Entering directory '/home/kevin/Source/launchbynttdata/tf-azurerm-module_primitive-api_management_certificate'

Initializing . ...
[0m[1mInitializing provider plugins...[0m
- Reusing previous version of hashicorp/azurerm from the dependency lock file
- Using previously-installed hashicorp/azurerm v3.117.1

[0m[1m[32mTerraform has been successfully initialized![0m[32m[0m
[0m[32m
You may now begin working with Terraform. Try running "terraform plan" to see
any changes that are required for your infrastructure. All Terraform commands
should now work.

If you ever set or change modules or backend configuration for Terraform,
rerun this command to reinitialize your working directory. If you forget, other
commands will detect it and remind you to do so if necessary.[0m

Initializing ./examples/complete ...
[0m[1mInitializing modules...[0m
[0m[1mInitializing provider plugins...[0m
- Reusing previous version of hashicorp/external from the dependency lock file
- Reusing previous version of hashicorp/random from the dependency lock file
- Reusing previous version of hashicorp/azurerm from the dependency lock file
- Using previously-installed hashicorp/external v2.3.4
- Using previously-installed hashicorp/random v3.7.1
- Using previously-installed hashicorp/azurerm v3.117.1

[0m[1m[32mTerraform has been successfully initialized![0m[32m[0m
[0m[32m
You may now begin working with Terraform. Try running "terraform plan" to see
any changes that are required for your infrastructure. All Terraform commands
should now work.

If you ever set or change modules or backend configuration for Terraform,
rerun this command to reinitialize your working directory. If you forget, other
commands will detect it and remind you to do so if necessary.[0m

Planning ./examples/complete ...
[0m[1mdata.external.certificate: Reading...[0m[0m
Stopping operation...

Interrupt received.
Please wait for Terraform to exit or data loss may occur.
Gracefully shutting down...


Terraform used the selected providers to generate the following execution
plan. Resource actions are indicated with the following symbols:
  [32m+[0m create[0m

Terraform planned the following actions, but then encountered a problem:

[1m  # module.resource_names["api_management"].random_integer.random_number[0m will be created
[0m  [32m+[0m[0m resource "random_integer" "random_number" {
      [32m+[0m[0m id     = (known after apply)
      [32m+[0m[0m max    = 9999999999
      [32m+[0m[0m min    = 1000000000
      [32m+[0m[0m result = (known after apply)
    }

[1m  # module.resource_names["resource_group"].random_integer.random_number[0m will be created
[0m  [32m+[0m[0m resource "random_integer" "random_number" {
      [32m+[0m[0m id     = (known after apply)
      [32m+[0m[0m max    = 9999999999
      [32m+[0m[0m min    = 1000000000
      [32m+[0m[0m result = (known after apply)
    }

[1mPlan:[0m 2 to add, 0 to change, 0 to destroy.
[0m
Changes to Outputs:
  [32m+[0m[0m resource_group_name = (known after apply)
